// Jest Snapshot v1, https://goo.gl/fbAQLP

exports[`Render Main Component Match Snapshot 1`] = `
<ConfigLayout
  settings={
    <Panel
      configuration={
        Object {
          "dimensions": Object {
            "label": "Text-Entry Display Size",
            "settings": true,
          },
          "equationEditor": Object {
            "enabled": true,
            "label": "Equation Editor",
            "settings": false,
          },
          "feedback": Object {
            "enabled": true,
            "label": "Feedback",
            "settings": true,
          },
          "mathInput": Object {
            "enabled": false,
            "label": "Student response can include math notation",
            "settings": true,
          },
          "multiple": Object {
            "enabled": false,
            "label": "Multiple Parts",
            "settings": false,
          },
          "prompt": Object {
            "enabled": true,
            "label": "Prompt",
            "settings": true,
          },
          "studentInstructions": Object {
            "enabled": true,
            "label": "Student Instructions",
            "settings": false,
          },
          "teacherInstructions": Object {
            "enabled": true,
            "label": "Teacher Instructions",
            "settings": true,
          },
        }
      }
      groups={
        Object {
          "Properties": Object {
            "configure.studentInstructions.enabled": false,
            "teacherInstructions.enabled": undefined,
          },
          "Settings": Object {
            "dimensions": undefined,
            "equationEditor": false,
            "feedback.enabled": undefined,
            "mathInput": undefined,
            "multiple.enabled": false,
            "prompt.enabled": undefined,
          },
        }
      }
      model={
        Object {
          "dimensions": Object {
            "height": 100,
            "width": 500,
          },
          "equationEditor": "everything",
          "mathInput": false,
          "prompt": "This is the question prompt",
        }
      }
      onChangeConfiguration={[Function]}
      onChangeModel={[Function]}
    />
  }
>
  <div>
    <WithStyles(Typography)
      variant="subheading"
    >
      Display
    </WithStyles(Typography)>
    <Component
      label="Teacher Instructions"
    >
      <EditableHtml
        markup=""
        nonEmpty={false}
        onChange={[Function]}
      />
    </Component>
    <br />
    <Component
      label="Prompt"
    >
      <EditableHtml
        markup="This is the question prompt"
        nonEmpty={false}
        onChange={[Function]}
      />
    </Component>
    <WithStyles(Typography)
      variant="subheading"
    >
      Feedback
    </WithStyles(Typography)>
    <Component
      feedback={
        Object {
          "default": "Your answer has been submitted",
          "type": "default",
        }
      }
      label="When submitted, show"
      onChange={[Function]}
    />
  </div>
</ConfigLayout>
`;
