// Jest Snapshot v1, https://goo.gl/fbAQLP

exports[`choices snapshot renders 1`] = `
<div
  className=""
>
  <WithStyles(Header)
    buttonLabel="ADD A CHOICE"
    label="Choices"
    onAdd={[MockFunction]}
  />
  <WithStyles(Config)
    categoryCountIsOne={false}
    config={
      Object {
        "columns": 2,
      }
    }
    onChange={[MockFunction]}
    onToggleCategoryCount={[Function]}
  />
  <div
    style={
      Object {
        "gridTemplateColumns": "repeat(2, 1fr)",
      }
    }
  >
    <Wrapped
      choice={
        Object {
          "content": "content",
          "id": "1",
        }
      }
      key="0"
      onChange={[Function]}
      onDelete={[Function]}
    />
  </div>
  <WithStyles(Component) />
</div>
`;
