// Jest Snapshot v1, https://goo.gl/fbAQLP

exports[`Root snapshot renders 1`] = `
<WithStyles(Main)
  model={
    Object {
      "choiceMode": "checkbox",
      "choicePrefix": "numbers",
      "choices": Array [
        Object {
          "correct": true,
          "feedback": Object {
            "type": "none",
            "value": "",
          },
          "label": "Sweden",
          "value": "sweden",
        },
        Object {
          "feedback": Object {
            "type": "none",
            "value": "",
          },
          "label": "Iceland",
          "value": "iceland",
        },
        Object {
          "feedback": Object {
            "type": "none",
            "value": "",
          },
          "label": "Norway",
          "value": "norway",
        },
        Object {
          "correct": true,
          "feedback": Object {
            "type": "none",
            "value": "",
          },
          "label": "Finland",
          "value": "finland",
        },
      ],
      "configure": Object {},
      "itemStem": "Which of these northern European countries are EU members?",
      "partialScoring": false,
    }
  }
  onAddChoice={[Function]}
  onChoiceChanged={[Function]}
  onChoiceModeChanged={[Function]}
  onChoicePrefixChanged={[Function]}
  onLockChoiceOrderChanged={[Function]}
  onPartialScoringChanged={[Function]}
  onPromptChanged={[Function]}
  onRemoveChoice={[Function]}
/>
`;
