// Jest Snapshot v1, https://goo.gl/fbAQLP

exports[`index === HOTSPOT snapshot renders 1`] = `undefined`;
