// Jest Snapshot v1, https://goo.gl/fbAQLP

exports[`Panel snapshot renders 1`] = `
<div
  className="panel className"
>
  <div>
    <WithStyles(Typography)
      variant="title"
    >
      Title
    </WithStyles(Typography)>
    <Component
      checked={true}
      label="Enabled"
      onChange={[MockFunction]}
    />
  </div>
  <WithStyles(Component) />
  content
</div>
`;
