// Jest Snapshot v1, https://goo.gl/fbAQLP

exports[`Partial snapshot renders 1`] = `
<div
  className="className"
>
  <WithStyles(Panel)
    enabled={true}
    onToggleEnabled={[Function]}
    title="Partial Scoring"
  >
    <WithStyles(Grid)
      headings={
        Array [
          "Category",
          "Scoring",
        ]
      }
      size="40% 1fr"
    />
  </WithStyles(Panel)>
</div>
`;
