// Jest Snapshot v1, https://goo.gl/fbAQLP

exports[`PartialForCategory snapshot renders 1`] = `
<div
  className="className"
>
  <WithStyles(Component) />
</div>
`;
