// Jest Snapshot v1, https://goo.gl/fbAQLP

exports[`choice snapshot renders 1`] = `""`;
