// Jest Snapshot v1, https://goo.gl/fbAQLP

exports[`Choice snapshot renders 1`] = `
<ContextConsumer>
  <Component />
</ContextConsumer>
`;
