// Jest Snapshot v1, https://goo.gl/fbAQLP

exports[`InputHeader snapshot renders 1`] = `
<div
  className="inputHeader className"
>
  <EditableHtml
    className="editor"
    label="label"
    onChange={[MockFunction]}
  />
</div>
`;
