// Jest Snapshot v1, https://goo.gl/fbAQLP

exports[`GeneralConfigBlock renders correctly 1`] = `
<GeneralConfigBlock
  classes={
    Object {
      "container": "GeneralConfigBlock-container-1",
      "input": "GeneralConfigBlock-input-2",
      "inputContainer": "GeneralConfigBlock-inputContainer-5",
      "responseEditor": "GeneralConfigBlock-responseEditor-6",
      "selectContainer": "GeneralConfigBlock-selectContainer-4",
      "templateTitle": "GeneralConfigBlock-templateTitle-3",
    }
  }
  model={
    Object {
      "element": "math-inline",
      "feedback": Object {
        "correct": Object {
          "default": "Correct",
          "type": "none",
        },
        "incorrect": Object {
          "default": "Incorrect",
          "type": "none",
        },
        "partial": Object {
          "default": "Nearly",
          "type": "none",
        },
      },
      "id": "1",
    }
  }
  onChange={[MockFunction]}
  onLayoutChange={[MockFunction]}
  onResponseTypeChange={[MockFunction]}
/>
`;
