// Jest Snapshot v1, https://goo.gl/fbAQLP

exports[`Main snapshot Renders 1`] = `""`;
